// Jest Snapshot v1, https://goo.gl/fbAQLP

exports[`Footer Footer component should match snapshot 1`] = `
<footer>
  <p
    className="footer_content"
  >
    Contact Us
  </p>
  <p
    className="footer_content"
  >
    Phone: (505)-470-5446
  </p>
  <a
    href="mailto: timberlineinc.steve@gmail.com"
  >
    Email: timberlineinc.steve@gmal.com
  </a>
</footer>
`;
