// Jest Snapshot v1, https://goo.gl/fbAQLP

exports[`Home Home component should match snapshot 1`] = `
<section
  className="home"
>
  <ImageGallery
    additionalClass=""
    autoPlay={true}
    disableKeyDown={false}
    disableSwipe={false}
    disableThumbnailScroll={false}
    flickThreshold={0.4}
    indexSeparator=" / "
    infinite={true}
    isRTL={false}
    items={
      Array [
        Object {
          "original": "Venado_front.jpg",
          "originalAlt": "Custom home in Santa Fe, New Mexico. Rear view of home.",
          "originalClass": "venado_gallery_image",
          "thumbnail": "Venado_front.jpg",
        },
        Object {
          "original": "Purple_Aster.jpg",
          "originalAlt": "Custom home in Santa Fe, New Mexico. Mountain views.",
          "originalClass": "purpleAster_gallery_image",
          "thumbnail": "Purple_Aster.jpg",
        },
      ]
    }
    lazyLoad={false}
    onBeforeSlide={null}
    onClick={null}
    onErrorImageURL=""
    onImageError={null}
    onImageLoad={null}
    onMouseLeave={null}
    onMouseOver={null}
    onPause={null}
    onPlay={null}
    onScreenChange={null}
    onSlide={null}
    onThumbnailClick={null}
    onThumbnailError={null}
    onTouchEnd={null}
    onTouchMove={null}
    onTouchStart={null}
    preventDefaultTouchmoveEvent={false}
    renderCustomControls={null}
    renderFullscreenButton={[Function]}
    renderItem={null}
    renderLeftNav={[Function]}
    renderPlayPauseButton={[Function]}
    renderRightNav={[Function]}
    renderThumbInner={null}
    showBullets={true}
    showFullscreenButton={false}
    showIndex={false}
    showNav={true}
    showPlayButton={false}
    showThumbnails={false}
    slideDuration={450}
    slideInterval={5000}
    slideOnThumbnailOver={false}
    startIndex={0}
    stopPropagation={false}
    swipeThreshold={30}
    swipingTransitionDuration={0}
    thumbnailPosition="bottom"
    useBrowserFullscreen={true}
    useTranslate3D={true}
  />
  <div
    className="center_main"
  >
    <div
      className="rrr_content"
    >
      <h2>
        Raise, Repair, Remodel
      </h2>
      <p>
        Timberline Inc. is a locally owned and operated business in Santa Fe, New Mexico and surrounding areas since 1992. Specializing in New Mexican style builds and remodels, Timberline can do it all. From the preservation of original homes dating back to the mid 1800's to brand new homes and everything in between! Award winning Timberline Inc. can help with repairs, remodels or raising a new project from the ground up.
      </p>
    </div>
    <img
      alt="house in valley"
      src="Purple_Aster.jpg"
    />
  </div>
  <div
    className="bottom_main"
  >
    <h2>
      Meet the Owner
    </h2>
    <p>
      Stephen Gibson, owner and founder of Timberline Inc. has been working in the Santa Fe community for over 35 years and has received 11 awards in the Santa Fe area Home Builders Association's - A Parade of Homes. Steve's passion is crafting quality solutions for your construction needs.
    </p>
    <img
      alt="timberline owner"
      src="profile.jpg"
    />
  </div>
</section>
`;
