// Jest Snapshot v1, https://goo.gl/fbAQLP

exports[`Home Home component should match snapshot 1`] = `
<section
  className="home"
>
  <div
    className="banner_container"
  >
    <div
      className="banner"
    >
      <ScrollAnimation
        animateIn="fadeIn"
        animateOnce={false}
        animatePreScroll={true}
        delay={0}
        duration={1}
        initiallyVisible={false}
        offset={150}
      >
        <div
          className="logo_text_background"
        >
          <img
            alt="timberline logo text"
            id="timberline_text_only"
            src="timberline_text_only.png"
          />
        </div>
      </ScrollAnimation>
    </div>
  </div>
  <section
    className="section_container"
    id="home_center_main"
  >
    <article
      className="article_container"
    >
      <h2
        className="article_header"
      >
        Raise, Repair, Remodel
      </h2>
      <p
        className="article_text"
      >
        Timberline Inc. is a locally owned and operated business in Santa Fe, New Mexico and surrounding areas since 1992. Specializing in New Mexican style builds and remodels, Timberline can do it all. From the preservation of original homes dating back to the mid 1800's to brand new homes and everything in between! Award winning Timberline Inc. can help with repairs, remodels or raising a new project from the ground up.
      </p>
    </article>
    <img
      alt="house in valley"
      className="section_img"
      id="rrr_img"
      src="Purple_Aster.jpg"
    />
  </section>
  <section
    className="section_container"
    id="home_bottom_main"
  >
    <img
      alt="timberline owner"
      className="section_img"
      id="meet_owner_img"
      src="profile.jpg"
    />
    <article
      className="article_container"
    >
      <h2
        className="article_header"
      >
        Meet the Owner
      </h2>
      <p
        className="article_text"
      >
        Stephen Gibson, owner and founder of Timberline Inc. has been working in the Santa Fe community for over 35 years and has received 11 awards in the Santa Fe area Home Builders Association's - A Parade of Homes. Steve's passion is crafting quality solutions for your construction needs.
      </p>
    </article>
  </section>
</section>
`;
