// Jest Snapshot v1, https://goo.gl/fbAQLP

exports[`Nav Nav component should match the snapshot 1`] = `
<header>
  <Link
    to="/"
  >
    <img
      alt="timberline logo"
      id="timberline_logo"
      src="timberline-const.png"
    />
  </Link>
  <section
    id="nav_buttons_container"
  >
    <Link
      to="/about"
    >
      <button
        className="nav_button"
        id="about_nav_button"
      >
        About
      </button>
    </Link>
    <Link
      to="/projects"
    >
      <button
        className="nav_button"
        id="projects_nav_button"
      >
        Projects
      </button>
    </Link>
    <Link
      to="/contact-us"
    >
      <button
        className="nav_button"
        id="contact_us_nav_button"
      >
        Contact Us
      </button>
    </Link>
  </section>
  <Link
    to="history"
  >
    <img
      alt="logo"
      id="logo_25"
      src="25+_timberline_test.png"
    />
  </Link>
</header>
`;
