// Jest Snapshot v1, https://goo.gl/fbAQLP

exports[`ContactForm should match the snapshot 1`] = `
<form
  className="contact_form"
  onSubmit={[Function]}
>
  <h2>
    Contact Us
  </h2>
  <input
    onChange={[Function]}
    placeholder="Name"
    type="text"
    value=""
  />
  <input
    onChange={[Function]}
    placeholder="Phone Number"
    type="number"
    value=""
  />
  <input
    onChange={[Function]}
    placeholder="Email"
    type="text"
    value=""
  />
  <label
    htmlFor="description"
  >
    Short Description
  </label>
  <textarea
    name="description"
    onChange={[Function]}
    type="text"
    value=""
  />
  <button
    type="submit"
  >
    Submit
  </button>
</form>
`;
