// Jest Snapshot v1, https://goo.gl/fbAQLP

exports[`History should match snapshot 1`] = `
<section
  className="about"
>
  <article
    className="about_article"
  >
    <p
      className="about_article_text"
    >
      Timberline Inc. was founded in 1995 with the goals of creating quality solutions in the housing market. It has evolved into a company that can do a bit of everything. Etc... this narrative will need some work.
    </p>
    <img
      alt="hallway in house"
      className="about_main_image"
      src="Venado_Hallway.jpg"
    />
  </article>
</section>
`;
